// Jest Snapshot v1, https://goo.gl/fbAQLP

exports[`Form Actions 1`] = `
<div>
  <form
    data-testid="form"
  >
    <input
      data-testid="formInput"
      value="Hello"
    />
  </form>
</div>
`;
